@gui @dashboard @smoke
Feature: Dashboard View Validation # features/dashboard/gui/gui_dashboard.feature:2

  Background:   # features/dashboard/gui/gui_dashboard.feature:4

  Scenario: Verify Header and Status Ticker                                                                                    # features/dashboard/gui/gui_dashboard.feature:8
    Given I navigate to the dashboard at "http://localhost:3000/dashboard/"                                                    # .venv/src/qa-automation-framework/qa_framework/steps/gui_steps.py:172
    And the "dashboard" page is displayed                                                                                      # .venv/src/qa-automation-framework/qa_framework/steps/gui_steps.py:249
    Then the page title should be "[LANG:common.page_title]"                                                                   # .venv/src/qa-automation-framework/qa_framework/steps/gui_steps.py:37
    Then the following elements should contain these texts                                                                     # .venv/src/qa-automation-framework/qa_framework/steps/gui_steps.py:330
      | element         | value                            |
      | header_subtitle | [LANG:dashboard.header.subtitle] |
    And the system status should be valid                                                                                      # features/steps/step_gui_interactions.py:85
    Then the "header and status" page should visually match the baseline image "dashboard_header_status" with a 3.0% tolerance # None

  Scenario: Verify Statistics Cards                                                                                     # features/dashboard/gui/gui_dashboard.feature:16
    Given I navigate to the dashboard at "http://localhost:3000/dashboard/"                                             # .venv/src/qa-automation-framework/qa_framework/steps/gui_steps.py:172
    And the "dashboard" page is displayed                                                                               # .venv/src/qa-automation-framework/qa_framework/steps/gui_steps.py:249
    Then the following elements should contain these texts                                                              # .venv/src/qa-automation-framework/qa_framework/steps/gui_steps.py:330
      | element            | value                                   |
      | stats_passed_card  | [LANG:dashboard.stats.system_health]    |
      | stats_total_runs   | [LANG:dashboard.stats.total_executions] |
      | stats_pass_rate    | [LANG:dashboard.stats.pass_rate]        |
      | stats_avg_duration | [LANG:dashboard.stats.avg_latency]      |
    Then the "stats grid" element should visually match the baseline image "dashboard_stats_grid" with a 5.0% tolerance # None

  Scenario: Verify Timeline Controls                                                                                          # features/dashboard/gui/gui_dashboard.feature:25
    Given I navigate to the dashboard at "http://localhost:3000/dashboard/"                                                   # .venv/src/qa-automation-framework/qa_framework/steps/gui_steps.py:172
    And the "dashboard" page is displayed                                                                                     # .venv/src/qa-automation-framework/qa_framework/steps/gui_steps.py:249
    Then the following elements should contain these texts                                                                    # .venv/src/qa-automation-framework/qa_framework/steps/gui_steps.py:330
      | element          | value                             |
      | timeline_heading | [LANG:dashboard.timeline.heading] |
    And I should see at least 1 elements with selector "timeline_chart"                                                       # .venv/src/qa-automation-framework/qa_framework/steps/gui_steps.py:357
    When I switch the chart view to "[LANG:dashboard.timeline.volume]"                                                        # features/steps/step_gui_interactions.py:57
    And I wait for 1 seconds                                                                                                  # .venv/src/qa-automation-framework/qa_framework/steps/common_steps.py:4
    Then the "volume chart" element should visually match the baseline image "dashboard_chart_volume" with a 5.0% tolerance   # None
    When I switch the chart view to "[LANG:dashboard.timeline.success]"                                                       # None
    And I wait for 1 seconds                                                                                                  # None
    Then the "success chart" element should visually match the baseline image "dashboard_chart_success" with a 5.0% tolerance # None

  Scenario: Verify Incident and Sector Lists                                                                               # features/dashboard/gui/gui_dashboard.feature:37
    Given I navigate to the dashboard at "http://localhost:3000/dashboard/"                                                # .venv/src/qa-automation-framework/qa_framework/steps/gui_steps.py:172
    And the "dashboard" page is displayed                                                                                  # .venv/src/qa-automation-framework/qa_framework/steps/gui_steps.py:249
    Then the following elements should contain these texts                                                                 # .venv/src/qa-automation-framework/qa_framework/steps/gui_steps.py:330
      | element             | value                                |
      | recent_runs_heading | [LANG:dashboard.recent_runs.heading] |
      | incidents_heading   | [LANG:dashboard.incidents.heading]   |
    Then the "lists panel" element should visually match the baseline image "dashboard_lists_panels" with a 5.0% tolerance # None

  Scenario: Verify Endpoints Catalog and Scroll                                                                                # features/dashboard/gui/gui_dashboard.feature:44
    Given I navigate to the dashboard at "http://localhost:3000/dashboard/"                                                    # .venv/src/qa-automation-framework/qa_framework/steps/gui_steps.py:172
    And the "dashboard" page is displayed                                                                                      # .venv/src/qa-automation-framework/qa_framework/steps/gui_steps.py:249
    When I scroll to the bottom of the page                                                                                    # .venv/src/qa-automation-framework/qa_framework/steps/gui_steps.py:76
    Then the following elements should contain these texts                                                                     # .venv/src/qa-automation-framework/qa_framework/steps/gui_steps.py:330
      | element           | value                              |
      | endpoints_heading | [LANG:dashboard.endpoints.heading] |
    Then the "bottom fullpage" page should visually match the baseline image "dashboard_bottom_fullpage" with a 3.0% tolerance # None

  Scenario: Verify Global Actions and Filters                                                                             # features/dashboard/gui/gui_dashboard.feature:51
    Given I navigate to the dashboard at "http://localhost:3000/dashboard/"                                               # .venv/src/qa-automation-framework/qa_framework/steps/gui_steps.py:172
    And the "dashboard" page is displayed                                                                                 # .venv/src/qa-automation-framework/qa_framework/steps/gui_steps.py:249
    When I apply the "[LANG:dashboard.filters.seven_days]" time filter                                                    # features/steps/step_gui_interactions.py:25
    And I wait for 1 seconds                                                                                              # .venv/src/qa-automation-framework/qa_framework/steps/common_steps.py:4
    When I apply the "[LANG:dashboard.filters.thirty_days]" time filter                                                   # features/steps/step_gui_interactions.py:25
    And I wait for 1 seconds                                                                                              # .venv/src/qa-automation-framework/qa_framework/steps/common_steps.py:4
    When I export the report                                                                                              # features/steps/step_gui_interactions.py:104
    And I wait for 1 seconds                                                                                              # .venv/src/qa-automation-framework/qa_framework/steps/common_steps.py:4
    Then the "actions log" element should visually match the baseline image "dashboard_actions_log" with a 8.0% tolerance # None

  @responsive @mobile
  Scenario: Verify Mobile Viewport Layout                                                                                           # features/dashboard/gui/gui_dashboard.feature:61
    Given I navigate to the dashboard at "http://localhost:3000/dashboard/"                                                         # .venv/src/qa-automation-framework/qa_framework/steps/gui_steps.py:172
    And the "dashboard" page is displayed                                                                                           # .venv/src/qa-automation-framework/qa_framework/steps/gui_steps.py:249
    Then the following elements should contain these texts                                                                          # .venv/src/qa-automation-framework/qa_framework/steps/gui_steps.py:330
      | element         | value                            |
      | header_subtitle | [LANG:dashboard.header.subtitle] |
    Then the "mobile responsiveness" page should visually match the baseline image "dashboard_responsiveness" with a 5.0% tolerance # None

  Scenario: Verify Navigation to Incident Taxonomy                                                                             # features/dashboard/gui/gui_dashboard.feature:67
    Given I navigate to the dashboard at "http://localhost:3000/dashboard/"                                                    # .venv/src/qa-automation-framework/qa_framework/steps/gui_steps.py:172
    And the "dashboard" page is displayed                                                                                      # .venv/src/qa-automation-framework/qa_framework/steps/gui_steps.py:249
    When I click on the "incidents_link" in the sidebar                                                                        # .venv/src/qa-automation-framework/qa_framework/steps/gui_steps.py:365
    Then the "incidents" page is displayed                                                                                     # .venv/src/qa-automation-framework/qa_framework/steps/gui_steps.py:249
    Then the following elements should contain these texts                                                                     # .venv/src/qa-automation-framework/qa_framework/steps/gui_steps.py:330
      | element                | value                                 |
      | header_title           | [LANG:incidents.header.title]         |
      | header_subtitle        | [LANG:incidents.header.subtitle]      |
      | filters_scope_dropdown | [LANG:incidents.filters.global_scope] |
    Then the "incidents taxonomy" page should visually match the baseline image "incident_taxonomy_page" with a 3.0% tolerance # None

@gui @endpoints @smoke
Feature: Endpoints Catalog Validation # features/dashboard/gui/gui_endpoints.feature:2

  Background:   # features/dashboard/gui/gui_endpoints.feature:4

  Scenario: Deep Dive into Endpoint Detail                                   # features/dashboard/gui/gui_endpoints.feature:8
    Given I navigate to the dashboard at "http://localhost:3000/dashboard/"  # .venv/src/qa-automation-framework/qa_framework/steps/gui_steps.py:172
    And the "dashboard" page is displayed                                    # .venv/src/qa-automation-framework/qa_framework/steps/gui_steps.py:249
    When I click on the "endpoints_link" in the sidebar                      # .venv/src/qa-automation-framework/qa_framework/steps/gui_steps.py:365
    Then the "endpoints_view" page is displayed                              # .venv/src/qa-automation-framework/qa_framework/steps/gui_steps.py:249
    When I type "health" into the "search_input"                             # .venv/src/qa-automation-framework/qa_framework/steps/gui_steps.py:314
    And I wait for 1 seconds                                                 # .venv/src/qa-automation-framework/qa_framework/steps/common_steps.py:4
    When I click on the "endpoint_item"                                      # .venv/src/qa-automation-framework/qa_framework/steps/gui_steps.py:306
    Then the "endpoint_detail" page is displayed                             # .venv/src/qa-automation-framework/qa_framework/steps/gui_steps.py:249
    Then the following elements should contain these texts                   # .venv/src/qa-automation-framework/qa_framework/steps/gui_steps.py:330
      | element     | value                               |
      | back_button | [LANG:endpoints.detail.back_button] |
    And I should see the text "[LANG:endpoints.detail.success_rate]"         # .venv/src/qa-automation-framework/qa_framework/steps/gui_steps.py:59
    And I should see the text "[LANG:endpoints.detail.avg_latency]"          # .venv/src/qa-automation-framework/qa_framework/steps/gui_steps.py:59
    And I should see the "performance_card"                                  # .venv/src/qa-automation-framework/qa_framework/steps/gui_steps.py:348
    And I should see the text "[LANG:endpoints.detail.performance_insights]" # .venv/src/qa-automation-framework/qa_framework/steps/gui_steps.py:59
    And I should see the text "[LANG:endpoints.detail.live_discovery]"       # .venv/src/qa-automation-framework/qa_framework/steps/gui_steps.py:59
    Then I take a screenshot named "endpoints_deep_detail"                   # .venv/src/qa-automation-framework/qa_framework/steps/gui_steps.py:81
    When I click on the "back_button"                                        # .venv/src/qa-automation-framework/qa_framework/steps/gui_steps.py:306
    Then the "endpoints_view" page is displayed                              # .venv/src/qa-automation-framework/qa_framework/steps/gui_steps.py:249
    Then the "title" should contain the text "[LANG:endpoints.view.title]"   # .venv/src/qa-automation-framework/qa_framework/steps/gui_steps.py:322

@gui @incidents
Feature: Incident Taxonomy View Validation # features/dashboard/gui/gui_incidents.feature:2

  Background:   # features/dashboard/gui/gui_incidents.feature:4

  @smoke
  Scenario: Verify Incident Page Structure                                                                                           # features/dashboard/gui/gui_incidents.feature:11
    Given I navigate to the dashboard at "http://localhost:3000/dashboard/"                                                          # .venv/src/qa-automation-framework/qa_framework/steps/gui_steps.py:172
    And the "dashboard" page is displayed                                                                                            # .venv/src/qa-automation-framework/qa_framework/steps/gui_steps.py:249
    When I click on the "incidents_link" in the sidebar                                                                              # .venv/src/qa-automation-framework/qa_framework/steps/gui_steps.py:365
    Then the "incidents" page is displayed                                                                                           # .venv/src/qa-automation-framework/qa_framework/steps/gui_steps.py:249
    Then the page title should be "[LANG:common.page_title]"                                                                         # .venv/src/qa-automation-framework/qa_framework/steps/gui_steps.py:37
    Then the following elements should contain these texts                                                                           # .venv/src/qa-automation-framework/qa_framework/steps/gui_steps.py:330
      | element         | value                            |
      | header_title    | [LANG:incidents.header.title]    |
      | header_subtitle | [LANG:incidents.header.subtitle] |
    And I should see the text "[LANG:incidents.stats.unique]"                                                                        # .venv/src/qa-automation-framework/qa_framework/steps/gui_steps.py:59
    Then the "incident page structure" page should visually match the baseline image "incident_page_structure" with a 3.0% tolerance # None

@gui @interactivity @smoke
Feature: Dashboard Cross-Navigation Interactivity # features/dashboard/gui/gui_interactivity.feature:2

  Background:   # features/dashboard/gui/gui_interactivity.feature:4

  Scenario: Redirect from Sector Integrity to Project Detail                  # features/dashboard/gui/gui_interactivity.feature:8
    Given I navigate to the dashboard at "http://localhost:3000/dashboard/"   # .venv/src/qa-automation-framework/qa_framework/steps/gui_steps.py:172
    And the "dashboard" page is displayed                                     # .venv/src/qa-automation-framework/qa_framework/steps/gui_steps.py:249
    Then the following elements should contain these texts                    # .venv/src/qa-automation-framework/qa_framework/steps/gui_steps.py:330
      | element             | value            |
      | recent_runs_heading | Sector Integrity |
    When I click on the "recent_runs_project_item"                            # .venv/src/qa-automation-framework/qa_framework/steps/gui_steps.py:306
    Then the "project_detail" page is displayed                               # .venv/src/qa-automation-framework/qa_framework/steps/gui_steps.py:249
    Then the "projectName" should be visible                                  # .venv/src/qa-automation-framework/qa_framework/steps/gui_steps.py:348
    And I should see at least 1 elements with selector "stability_comparison" # .venv/src/qa-automation-framework/qa_framework/steps/gui_steps.py:357
    Then I take a screenshot named "interactivity_sector_redirect"            # .venv/src/qa-automation-framework/qa_framework/steps/gui_steps.py:81

  Scenario: Redirect from Latency Anomalies to Endpoint Detail              # features/dashboard/gui/gui_interactivity.feature:18
    Given I navigate to the dashboard at "http://localhost:3000/dashboard/" # .venv/src/qa-automation-framework/qa_framework/steps/gui_steps.py:172
    And the "dashboard" page is displayed                                   # .venv/src/qa-automation-framework/qa_framework/steps/gui_steps.py:249
    When I scroll to the bottom of the page                                 # .venv/src/qa-automation-framework/qa_framework/steps/gui_steps.py:76
    Then the following elements should contain these texts                  # .venv/src/qa-automation-framework/qa_framework/steps/gui_steps.py:330
      | element           | value             |
      | endpoints_heading | LATENCY ANOMALIES |
    When I click on the "endpoints_anomaly_item"                            # .venv/src/qa-automation-framework/qa_framework/steps/gui_steps.py:306
    Then the "endpoint_detail" page is displayed                            # .venv/src/qa-automation-framework/qa_framework/steps/gui_steps.py:249
    Then the following elements should contain these texts                  # .venv/src/qa-automation-framework/qa_framework/steps/gui_steps.py:330
      | element     | value           |
      | back_button | Back to Catalog |
    And I should see the text "Success Rate"                                # .venv/src/qa-automation-framework/qa_framework/steps/gui_steps.py:59
    And I should see the text "Avg Latency"                                 # .venv/src/qa-automation-framework/qa_framework/steps/gui_steps.py:59
    Then I take a screenshot named "interactivity_anomaly_redirect"         # .venv/src/qa-automation-framework/qa_framework/steps/gui_steps.py:81

@gui @navigation @smoke
Feature: Application Navigation Validation # features/dashboard/gui/gui_navigation.feature:2

  Background:   # features/dashboard/gui/gui_navigation.feature:4

  Scenario: Navigate to all main sections                                         # features/dashboard/gui/gui_navigation.feature:8
    Given I navigate to the dashboard at "http://localhost:3000/dashboard/"       # .venv/src/qa-automation-framework/qa_framework/steps/gui_steps.py:172
    And the "dashboard" page is displayed                                         # .venv/src/qa-automation-framework/qa_framework/steps/gui_steps.py:249
    When I click on the "test_runs_link" in the sidebar                           # .venv/src/qa-automation-framework/qa_framework/steps/gui_steps.py:365
    Then the "test_runs" page is displayed                                        # .venv/src/qa-automation-framework/qa_framework/steps/gui_steps.py:249
    Then the "title" should contain the text "[LANG:navigation.test_runs]"        # .venv/src/qa-automation-framework/qa_framework/steps/gui_steps.py:322
    Then I take a screenshot named "nav_test_runs"                                # .venv/src/qa-automation-framework/qa_framework/steps/gui_steps.py:81
    When I click on the "endpoints_link" in the sidebar                           # .venv/src/qa-automation-framework/qa_framework/steps/gui_steps.py:365
    Then the "endpoints_view" page is displayed                                   # .venv/src/qa-automation-framework/qa_framework/steps/gui_steps.py:249
    Then the "title" should contain the text "[LANG:navigation.endpoints]"        # .venv/src/qa-automation-framework/qa_framework/steps/gui_steps.py:322
    Then I take a screenshot named "nav_endpoints"                                # .venv/src/qa-automation-framework/qa_framework/steps/gui_steps.py:81
    When I click on the "incidents_link" in the sidebar                           # .venv/src/qa-automation-framework/qa_framework/steps/gui_steps.py:365
    Then the "incidents" page is displayed                                        # .venv/src/qa-automation-framework/qa_framework/steps/gui_steps.py:249
    Then the "header_title" should contain the text "[LANG:navigation.incidents]" # .venv/src/qa-automation-framework/qa_framework/steps/gui_steps.py:322
    Then I take a screenshot named "nav_incidents"                                # .venv/src/qa-automation-framework/qa_framework/steps/gui_steps.py:81
    When I click on the "dashboard_link" in the sidebar                           # .venv/src/qa-automation-framework/qa_framework/steps/gui_steps.py:365
    Then the "dashboard" page is displayed                                        # .venv/src/qa-automation-framework/qa_framework/steps/gui_steps.py:249
    Then the following elements should contain these texts                        # .venv/src/qa-automation-framework/qa_framework/steps/gui_steps.py:330
      | element         | value                            |
      | header_subtitle | [LANG:dashboard.header.subtitle] |
    Then I take a screenshot named "nav_dashboard_return"                         # .venv/src/qa-automation-framework/qa_framework/steps/gui_steps.py:81

  Scenario: Sidebar navigation persistence                                  # features/dashboard/gui/gui_navigation.feature:31
    Given I navigate to the dashboard at "http://localhost:3000/dashboard/" # .venv/src/qa-automation-framework/qa_framework/steps/gui_steps.py:172
    And the "dashboard" page is displayed                                   # .venv/src/qa-automation-framework/qa_framework/steps/gui_steps.py:249
    When I click on the "test_runs_link" in the sidebar                     # .venv/src/qa-automation-framework/qa_framework/steps/gui_steps.py:365
    When I click on the "dashboard_link" in the sidebar                     # .venv/src/qa-automation-framework/qa_framework/steps/gui_steps.py:365
    Then the "dashboard" page is displayed                                  # .venv/src/qa-automation-framework/qa_framework/steps/gui_steps.py:249
    Then the following elements should contain these texts                  # .venv/src/qa-automation-framework/qa_framework/steps/gui_steps.py:330
      | element         | value                            |
      | header_subtitle | [LANG:dashboard.header.subtitle] |
    Then I take a screenshot named "nav_sidebar_persistence"                # .venv/src/qa-automation-framework/qa_framework/steps/gui_steps.py:81

@gui @performance @smoke
Feature: Ultra-Professional Performance Dashboard Validation # features/dashboard/gui/gui_performance.feature:2

  Background:   # features/dashboard/gui/gui_performance.feature:4

  Scenario: Validate High-Density Performance Audit Dossier                   # features/dashboard/gui/gui_performance.feature:8
    Given I navigate to the dashboard at "http://localhost:3000/dashboard/"   # .venv/src/qa-automation-framework/qa_framework/steps/gui_steps.py:172
    And the "dashboard" page is displayed                                     # .venv/src/qa-automation-framework/qa_framework/steps/gui_steps.py:249
    When I click on the "endpoints_link" in the sidebar                       # .venv/src/qa-automation-framework/qa_framework/steps/gui_steps.py:365
    Then the "endpoints_view" page is displayed                               # .venv/src/qa-automation-framework/qa_framework/steps/gui_steps.py:249
    When I type "runs" into the "search_input"                                # .venv/src/qa-automation-framework/qa_framework/steps/gui_steps.py:314
    And I wait for 1 seconds                                                  # .venv/src/qa-automation-framework/qa_framework/steps/common_steps.py:4
    When I click on the "endpoint_item"                                       # .venv/src/qa-automation-framework/qa_framework/steps/gui_steps.py:306
    Then the "endpoint_detail" page is displayed                              # .venv/src/qa-automation-framework/qa_framework/steps/gui_steps.py:249
    Then I should see the "performance_card"                                  # .venv/src/qa-automation-framework/qa_framework/steps/gui_steps.py:348
    When I click on the "open_report_button"                                  # .venv/src/qa-automation-framework/qa_framework/steps/gui_steps.py:306
    Then the "performance_report_view" page is displayed                      # .venv/src/qa-automation-framework/qa_framework/steps/gui_steps.py:249
    Then the following elements should contain these texts                    # .venv/src/qa-automation-framework/qa_framework/steps/gui_steps.py:330
      | element       | value                          |
      | audit_title   | [LANG:performance.audit_title] |
      | export_button | [LANG:performance.dossier]     |
    And I should see the text "[LANG:performance.integrity]"                  # .venv/src/qa-automation-framework/qa_framework/steps/gui_steps.py:59
    And I should see the "rps_image"                                          # .venv/src/qa-automation-framework/qa_framework/steps/gui_steps.py:348
    And I should see the "latency_image"                                      # .venv/src/qa-automation-framework/qa_framework/steps/gui_steps.py:348
    And I should see the "original_report_link"                               # .venv/src/qa-automation-framework/qa_framework/steps/gui_steps.py:348
    Then I take a screenshot named "final_performance_dashboard_verification" # .venv/src/qa-automation-framework/qa_framework/steps/gui_steps.py:81

@gui @project_detail @smoke
Feature: Project Detail View Validation # features/dashboard/gui/gui_project_detail.feature:2

  Background:   # features/dashboard/gui/gui_project_detail.feature:4

  Scenario: Verify Architecture Analysis Section                                                                                             # features/dashboard/gui/gui_project_detail.feature:12
    Given I navigate to the dashboard at "http://localhost:3000/dashboard/"                                                                  # .venv/src/qa-automation-framework/qa_framework/steps/gui_steps.py:172
    And the "dashboard" page is displayed                                                                                                    # .venv/src/qa-automation-framework/qa_framework/steps/gui_steps.py:249
    When I click on the "test_runs_link" in the sidebar                                                                                      # .venv/src/qa-automation-framework/qa_framework/steps/gui_steps.py:365
    Then the "test_runs" page is displayed                                                                                                   # .venv/src/qa-automation-framework/qa_framework/steps/gui_steps.py:249
    When I click on the "project_card"                                                                                                       # .venv/src/qa-automation-framework/qa_framework/steps/gui_steps.py:306
    Then the "project_detail" page is displayed                                                                                              # .venv/src/qa-automation-framework/qa_framework/steps/gui_steps.py:249
    Then the "projectName" should be visible                                                                                                 # .venv/src/qa-automation-framework/qa_framework/steps/gui_steps.py:348
    And I should see the text "[LANG:project_detail.layer_stability]"                                                                        # .venv/src/qa-automation-framework/qa_framework/steps/gui_steps.py:59
    And I should see the text "[LANG:project_detail.layer_latency]"                                                                          # .venv/src/qa-automation-framework/qa_framework/steps/gui_steps.py:59
    And I should see at least 1 elements with selector "stability_comparison"                                                                # .venv/src/qa-automation-framework/qa_framework/steps/gui_steps.py:357
    And I should see at least 1 elements with selector "latency_comparison"                                                                  # .venv/src/qa-automation-framework/qa_framework/steps/gui_steps.py:357
    Then the "project detail architecture" page should visually match the baseline image "project_detail_architecture" with a 3.0% tolerance # None

  Scenario: Verify Execution Metrics and Trend                                                                                        # features/dashboard/gui/gui_project_detail.feature:20
    Given I navigate to the dashboard at "http://localhost:3000/dashboard/"                                                           # .venv/src/qa-automation-framework/qa_framework/steps/gui_steps.py:172
    And the "dashboard" page is displayed                                                                                             # .venv/src/qa-automation-framework/qa_framework/steps/gui_steps.py:249
    When I click on the "test_runs_link" in the sidebar                                                                               # .venv/src/qa-automation-framework/qa_framework/steps/gui_steps.py:365
    Then the "test_runs" page is displayed                                                                                            # .venv/src/qa-automation-framework/qa_framework/steps/gui_steps.py:249
    When I click on the "project_card"                                                                                                # .venv/src/qa-automation-framework/qa_framework/steps/gui_steps.py:306
    Then the "project_detail" page is displayed                                                                                       # .venv/src/qa-automation-framework/qa_framework/steps/gui_steps.py:249
    Then the following elements should contain these texts                                                                            # .venv/src/qa-automation-framework/qa_framework/steps/gui_steps.py:330
      | element         | value                                 |
      | stability_score | [LANG:project_detail.stability_score] |
    And I should see the text "[LANG:project_detail.execution_velocity]"                                                              # .venv/src/qa-automation-framework/qa_framework/steps/gui_steps.py:59
    And I should see at least 1 elements with selector "velocity_trend"                                                               # .venv/src/qa-automation-framework/qa_framework/steps/gui_steps.py:357
    Then the "project detail metrics" element should visually match the baseline image "project_detail_metrics" with a 5.0% tolerance # None

  Scenario: Verify Run History List                                                                                                   # features/dashboard/gui/gui_project_detail.feature:28
    Given I navigate to the dashboard at "http://localhost:3000/dashboard/"                                                           # .venv/src/qa-automation-framework/qa_framework/steps/gui_steps.py:172
    And the "dashboard" page is displayed                                                                                             # .venv/src/qa-automation-framework/qa_framework/steps/gui_steps.py:249
    When I click on the "test_runs_link" in the sidebar                                                                               # .venv/src/qa-automation-framework/qa_framework/steps/gui_steps.py:365
    Then the "test_runs" page is displayed                                                                                            # .venv/src/qa-automation-framework/qa_framework/steps/gui_steps.py:249
    When I click on the "project_card"                                                                                                # .venv/src/qa-automation-framework/qa_framework/steps/gui_steps.py:306
    Then the "project_detail" page is displayed                                                                                       # .venv/src/qa-automation-framework/qa_framework/steps/gui_steps.py:249
    Then I should see the text "[LANG:project_detail.execution_history]"                                                              # .venv/src/qa-automation-framework/qa_framework/steps/gui_steps.py:59
    And I should see at least 1 elements with selector "item"                                                                         # .venv/src/qa-automation-framework/qa_framework/steps/gui_steps.py:357
    Then the "project detail history" element should visually match the baseline image "project_detail_history" with a 5.0% tolerance # None

  Scenario: Verify Dossier Download Button                                  # features/dashboard/gui/gui_project_detail.feature:33
    Given I navigate to the dashboard at "http://localhost:3000/dashboard/" # .venv/src/qa-automation-framework/qa_framework/steps/gui_steps.py:172
    And the "dashboard" page is displayed                                   # .venv/src/qa-automation-framework/qa_framework/steps/gui_steps.py:249
    When I click on the "test_runs_link" in the sidebar                     # .venv/src/qa-automation-framework/qa_framework/steps/gui_steps.py:365
    Then the "test_runs" page is displayed                                  # .venv/src/qa-automation-framework/qa_framework/steps/gui_steps.py:249
    When I click on the "project_card"                                      # .venv/src/qa-automation-framework/qa_framework/steps/gui_steps.py:306
    Then the "project_detail" page is displayed                             # .venv/src/qa-automation-framework/qa_framework/steps/gui_steps.py:249
    Then I should see at least 1 elements with selector "download_button"   # .venv/src/qa-automation-framework/qa_framework/steps/gui_steps.py:357

@gui @run_detail @smoke
Feature: Run Detail View Validation # features/dashboard/gui/gui_run_detail.feature:2

  Background:   # features/dashboard/gui/gui_run_detail.feature:4

  Scenario: Explore Run Detail View                                         # features/dashboard/gui/gui_run_detail.feature:8
    Given I navigate to the dashboard at "http://localhost:3000/dashboard/" # .venv/src/qa-automation-framework/qa_framework/steps/gui_steps.py:172
    And the "dashboard" page is displayed                                   # .venv/src/qa-automation-framework/qa_framework/steps/gui_steps.py:249
    When I click on the "test_runs_link" in the sidebar                     # .venv/src/qa-automation-framework/qa_framework/steps/gui_steps.py:365
    Then the "test_runs" page is displayed                                  # .venv/src/qa-automation-framework/qa_framework/steps/gui_steps.py:249
    When I click on the "project_card"                                      # .venv/src/qa-automation-framework/qa_framework/steps/gui_steps.py:306
    Then the "project_detail" page is displayed                             # .venv/src/qa-automation-framework/qa_framework/steps/gui_steps.py:249
    When I click on the "item"                                              # .venv/src/qa-automation-framework/qa_framework/steps/gui_steps.py:306
    Then the "run_detail" page is displayed                                 # .venv/src/qa-automation-framework/qa_framework/steps/gui_steps.py:249
    Then the following elements should contain these texts                  # .venv/src/qa-automation-framework/qa_framework/steps/gui_steps.py:330
      | element     | value                            |
      | back_button | [LANG:run_detail.return_to_base] |
    And I should see the text "[LANG:run_detail.success]"                   # .venv/src/qa-automation-framework/qa_framework/steps/gui_steps.py:59
    Then I take a screenshot named "run_detail_full_view"                   # .venv/src/qa-automation-framework/qa_framework/steps/gui_steps.py:81
    When I click on the "filter_failed"                                     # .venv/src/qa-automation-framework/qa_framework/steps/gui_steps.py:306
    And I wait for 1 seconds                                                # .venv/src/qa-automation-framework/qa_framework/steps/common_steps.py:4
    Then I take a screenshot named "run_detail_filtered_failed"             # .venv/src/qa-automation-framework/qa_framework/steps/gui_steps.py:81

@gui @test_runs @smoke
Feature: Test Runs View Validation # features/dashboard/gui/gui_test_runs.feature:2

  Background:   # features/dashboard/gui/gui_test_runs.feature:4

  Scenario: Search and Redirect to Project Analytics                        # features/dashboard/gui/gui_test_runs.feature:8
    Given I navigate to the dashboard at "http://localhost:3000/dashboard/" # .venv/src/qa-automation-framework/qa_framework/steps/gui_steps.py:172
    And the "dashboard" page is displayed                                   # .venv/src/qa-automation-framework/qa_framework/steps/gui_steps.py:249
    When I click on the "test_runs_link" in the sidebar                     # .venv/src/qa-automation-framework/qa_framework/steps/gui_steps.py:365
    Then the "test_runs" page is displayed                                  # .venv/src/qa-automation-framework/qa_framework/steps/gui_steps.py:249
    Then the following elements should contain these texts                  # .venv/src/qa-automation-framework/qa_framework/steps/gui_steps.py:330
      | element | value                       |
      | title   | [LANG:navigation.test_runs] |
    When I type "dashboard" into the "search_input"                         # .venv/src/qa-automation-framework/qa_framework/steps/gui_steps.py:314
    And I wait for 1 seconds                                                # .venv/src/qa-automation-framework/qa_framework/steps/common_steps.py:4
    Then the following elements should contain these texts                  # .venv/src/qa-automation-framework/qa_framework/steps/gui_steps.py:330
      | element      | value     |
      | search_input | dashboard |
    When I click on the "project_card"                                      # .venv/src/qa-automation-framework/qa_framework/steps/gui_steps.py:306
    Then the "project_detail" page is displayed                             # .venv/src/qa-automation-framework/qa_framework/steps/gui_steps.py:249
    Then the "projectName" should be visible                                # .venv/src/qa-automation-framework/qa_framework/steps/gui_steps.py:348
    And I should see at least 1 elements with selector "stability_chart"    # .venv/src/qa-automation-framework/qa_framework/steps/gui_steps.py:357
    Then I take a screenshot named "test_runs_project_redirection"          # .venv/src/qa-automation-framework/qa_framework/steps/gui_steps.py:81

  Scenario: Verify Project List and Back Navigation                         # features/dashboard/gui/gui_test_runs.feature:27
    Given I navigate to the dashboard at "http://localhost:3000/dashboard/" # .venv/src/qa-automation-framework/qa_framework/steps/gui_steps.py:172
    And the "dashboard" page is displayed                                   # .venv/src/qa-automation-framework/qa_framework/steps/gui_steps.py:249
    When I click on the "test_runs_link" in the sidebar                     # .venv/src/qa-automation-framework/qa_framework/steps/gui_steps.py:365
    Then the "test_runs" page is displayed                                  # .venv/src/qa-automation-framework/qa_framework/steps/gui_steps.py:249
    When I click on the "project_card"                                      # .venv/src/qa-automation-framework/qa_framework/steps/gui_steps.py:306
    Then the "project_detail" page is displayed                             # .venv/src/qa-automation-framework/qa_framework/steps/gui_steps.py:249
    Then the following elements should contain these texts                  # .venv/src/qa-automation-framework/qa_framework/steps/gui_steps.py:330
      | element  | value                           |
      | runCount | [LANG:project_detail.run_count] |
    When I click on the "back_button"                                       # .venv/src/qa-automation-framework/qa_framework/steps/gui_steps.py:306
    Then the "test_runs" page is displayed                                  # .venv/src/qa-automation-framework/qa_framework/steps/gui_steps.py:249
    Then I should see the text "[LANG:navigation.test_runs]"                # .venv/src/qa-automation-framework/qa_framework/steps/gui_steps.py:59

@gui @variables @smoke
Feature: Variable Transformation Validation # features/dashboard/gui/verify_variables.feature:2

  Background:   # features/dashboard/gui/verify_variables.feature:4

  Scenario: Verify basic generation tokens                                  # features/dashboard/gui/verify_variables.feature:8
    Given I navigate to the dashboard at "http://localhost:3000/dashboard/" # .venv/src/qa-automation-framework/qa_framework/steps/gui_steps.py:172
    And the "dashboard" page is displayed                                   # .venv/src/qa-automation-framework/qa_framework/steps/gui_steps.py:249
    When I click on the "test_runs_link" in the sidebar                     # .venv/src/qa-automation-framework/qa_framework/steps/gui_steps.py:365
    Then the "test_runs" page is displayed                                  # .venv/src/qa-automation-framework/qa_framework/steps/gui_steps.py:249
    Then the following elements should contain these texts                  # .venv/src/qa-automation-framework/qa_framework/steps/gui_steps.py:330
      | element      | value   |
      | search_input | [EMPTY] |
    When I type "[STRING_WITH_LENGTH_10]" into the "search_input"           # .venv/src/qa-automation-framework/qa_framework/steps/gui_steps.py:314
    And I wait for 1 seconds                                                # .venv/src/qa-automation-framework/qa_framework/steps/common_steps.py:4
    Then I should see the "search_input"                                    # .venv/src/qa-automation-framework/qa_framework/steps/gui_steps.py:348

  Scenario: Verify unique and random tokens                                 # features/dashboard/gui/verify_variables.feature:18
    Given I navigate to the dashboard at "http://localhost:3000/dashboard/" # .venv/src/qa-automation-framework/qa_framework/steps/gui_steps.py:172
    And the "dashboard" page is displayed                                   # .venv/src/qa-automation-framework/qa_framework/steps/gui_steps.py:249
    When I click on the "test_runs_link" in the sidebar                     # .venv/src/qa-automation-framework/qa_framework/steps/gui_steps.py:365
    Then the "test_runs" page is displayed                                  # .venv/src/qa-automation-framework/qa_framework/steps/gui_steps.py:249
    When I type "[UUID]" into the "search_input"                            # .venv/src/qa-automation-framework/qa_framework/steps/gui_steps.py:314
    And I wait for 1 seconds                                                # .venv/src/qa-automation-framework/qa_framework/steps/common_steps.py:4
    When I type "[RANDOM]" into the "search_input"                          # .venv/src/qa-automation-framework/qa_framework/steps/gui_steps.py:314
    And I wait for 1 seconds                                                # .venv/src/qa-automation-framework/qa_framework/steps/common_steps.py:4

  Scenario: Verify temporal tokens                                          # features/dashboard/gui/verify_variables.feature:26
    Given I navigate to the dashboard at "http://localhost:3000/dashboard/" # .venv/src/qa-automation-framework/qa_framework/steps/gui_steps.py:172
    And the "dashboard" page is displayed                                   # .venv/src/qa-automation-framework/qa_framework/steps/gui_steps.py:249
    Then the page title should be "QA Hub - Execution Dashboard"            # .venv/src/qa-automation-framework/qa_framework/steps/gui_steps.py:37
    When I click on the "test_runs_link" in the sidebar                     # .venv/src/qa-automation-framework/qa_framework/steps/gui_steps.py:365
    Then the "test_runs" page is displayed                                  # .venv/src/qa-automation-framework/qa_framework/steps/gui_steps.py:249
    When I type "[NOW(%Y)]" into the "search_input"                         # .venv/src/qa-automation-framework/qa_framework/steps/gui_steps.py:314
    And I wait for 1 seconds                                                # .venv/src/qa-automation-framework/qa_framework/steps/common_steps.py:4
    Then the following elements should contain these texts                  # .venv/src/qa-automation-framework/qa_framework/steps/gui_steps.py:330
      | element      | value     |
      | search_input | [NOW(%Y)] |

  Scenario: Verify transformation functions                                 # features/dashboard/gui/verify_variables.feature:38
    Given I navigate to the dashboard at "http://localhost:3000/dashboard/" # .venv/src/qa-automation-framework/qa_framework/steps/gui_steps.py:172
    And the "dashboard" page is displayed                                   # .venv/src/qa-automation-framework/qa_framework/steps/gui_steps.py:249
    When I click on the "test_runs_link" in the sidebar                     # .venv/src/qa-automation-framework/qa_framework/steps/gui_steps.py:365
    Then the "test_runs" page is displayed                                  # .venv/src/qa-automation-framework/qa_framework/steps/gui_steps.py:249
    When I type "[UPPER:qa-hub]" into the "search_input"                    # .venv/src/qa-automation-framework/qa_framework/steps/gui_steps.py:314
    And I wait for 1 seconds                                                # .venv/src/qa-automation-framework/qa_framework/steps/common_steps.py:4
    Then the following elements should contain these texts                  # .venv/src/qa-automation-framework/qa_framework/steps/gui_steps.py:330
      | element      | value  |
      | search_input | QA-HUB |
    When I type "[STR:[INT:123]]" into the "search_input"                   # .venv/src/qa-automation-framework/qa_framework/steps/gui_steps.py:314
    And I wait for 1 seconds                                                # .venv/src/qa-automation-framework/qa_framework/steps/common_steps.py:4
    Then the following elements should contain these texts                  # .venv/src/qa-automation-framework/qa_framework/steps/gui_steps.py:330
      | element      | value |
      | search_input | 123   |

